Host key verification failed.
askpass): No such file or directory
Host key verification failed.
